[stderr] INFO:     Started server process [69309]
[stderr] INFO:     Waiting for application startup.
[stderr] INFO:     Application startup complete.
[stderr] INFO:     Uvicorn running on http://127.0.0.1:8765 (Press CTRL+C to quit)
INFO:     127.0.0.1:36780 - "GET /health HTTP/1.1" 200 OK
[stderr] INFO:     ('127.0.0.1', 36782) - "WebSocket /ws" [accepted]
[stderr] 2026-07-15 15:20:37 INFO     [codeboarding_pro.ws.server:258] WebSocket connected: session 53040ae0-3cd1-4b33-8679-d3c93fea116a
[stderr] INFO:     connection open
[stderr] 2026-07-15 15:20:38 INFO     [tool_registry.manifest:329] has_required_tools: python JS entry langserver.index.js not found under /home/abdelhamied/.codeboarding/servers/node_modules
[stderr] 2026-07-15 15:20:38 INFO     [tool_registry.manifest:329] has_required_tools: python JS entry langserver.index.js not found under /home/abdelhamied/.codeboarding/servers/node_modules
[stderr] 2026-07-15 15:20:38 INFO     [tool_registry.installers:451] Installing Node.js packages: ['pyright@1.1.400', 'typescript-language-server@4.3.4', 'typescript@5.7', 'intelephense@1.16.5']
[stderr] 2026-07-15 15:20:49 ERROR    [tool_registry.installers:467] Node.js package installation failed
[stderr] Traceback (most recent call last):
[stderr]   File "tool_registry/installers.py", line 457, in install_node_tools
[stderr]   File "subprocess.py", line 571, in run
[stderr] subprocess.CalledProcessError: Command '['/snap/code/248/usr/share/code/code', '/home/abdelhamied/.codeboarding/servers/npm/package/bin/npm-cli.js', 'install', 'pyright@1.1.400', 'typescript-language-server@4.3.4', 'typescript@5.7', 'intelephense@1.16.5']' returned non-zero exit status 1.
[stderr] 2026-07-15 15:20:49 INFO     [tool_registry.installers:225]   tokei: already installed, skipping
[stderr] 2026-07-15 15:20:49 INFO     [tool_registry.installers:225]   gopls: already installed, skipping
[stderr] 2026-07-15 15:20:49 INFO     [tool_registry.installers:225]   rust-analyzer: already installed, skipping
[stderr] 2026-07-15 15:20:49 INFO     [tool_registry.installers:489] java already installed
[stderr] 2026-07-15 15:20:49 WARNING  [tool_registry.installers:367]   csharp-ls: dotnet not found on PATH; skipping install. Users must install it before running analysis.
[stderr] 2026-07-15 15:20:49 INFO     [static_analyzer.java_utils:125] Found Java 21 at /usr/lib/jvm/java-1.21.0-openjdk-amd64
[stderr] 2026-07-15 15:20:49 INFO     [codeboarding_pro.lsp.bootstrap:56] LSP startup attempt 1/3
[stderr] 2026-07-15 15:20:49 INFO     [codeboarding_pro.session:182] Session 53040ae0-3cd1-4b33-8679-d3c93fea116a initialized: repo=/home/abdelhamied/Téléchargements/Deep-Learning, project=Deep-Learning, output=/home/abdelhamied/Téléchargements/Deep-Learning/.codeboarding
[stderr] 2026-07-15 15:20:49 WARNING  [static_analyzer.scanner:123] No total code count found in Tokei output
[stderr] 2026-07-15 15:20:49 INFO     [static_analyzer:223] No supported languages detected in /home/abdelhamied/Téléchargements/Deep-Learning; no LSP clients to start.
[stderr] 2026-07-15 15:20:49 INFO     [codeboarding_pro.file_monitor:106] FileMonitor started for /home/abdelhamied/Téléchargements/Deep-Learning
[stderr] 2026-07-15 15:20:49 INFO     [codeboarding_pro.session:201] Session 53040ae0-3cd1-4b33-8679-d3c93fea116a: FileMonitor activated
[stderr] 2026-07-15 15:20:49 INFO     [codeboarding_pro.session:242] Session 53040ae0-3cd1-4b33-8679-d3c93fea116a: LSP wiring complete
[stderr] 2026-07-15 15:20:49 INFO     [codeboarding_pro.lsp.bootstrap:67] LSP clients started successfully (attempt 1)
